#
# There is insufficient memory for the Java Runtime Environment to continue.
# Native memory allocation (malloc) failed to allocate 32744 bytes. Error detail: Chunk::new
# Possible reasons:
#   The system is out of physical RAM or swap space
#   This process is running with CompressedOops enabled, and the Java Heap may be blocking the growth of the native heap
# Possible solutions:
#   Reduce memory load on the system
#   Increase physical memory or swap space
#   Check if swap backing store is full
#   Decrease Java heap size (-Xmx/-Xms)
#   Decrease number of Java threads
#   Decrease Java thread stack sizes (-Xss)
#   Set larger code cache with -XX:ReservedCodeCacheSize=
#   JVM is running with Unscaled Compressed Oops mode in which the Java heap is
#     placed in the first 4GB address space. The Java Heap base address is the
#     maximum limit for the native heap growth. Please use -XX:HeapBaseMinAddress
#     to set the Java Heap base and to place the Java Heap above 4GB virtual address.
# This output file may be truncated or incomplete.
#
#  Out of Memory Error (arena.cpp:168), pid=8804, tid=25896
#
# JRE version: OpenJDK Runtime Environment Temurin-21.0.8+9 (21.0.8+9) (build 21.0.8+9-LTS)
# Java VM: OpenJDK 64-Bit Server VM Temurin-21.0.8+9 (21.0.8+9-LTS, mixed mode, sharing, tiered, compressed oops, compressed class ptrs, parallel gc, windows-amd64)
# No core dump will be written. Minidumps are not enabled by default on client versions of Windows
#

---------------  S U M M A R Y ------------

Command Line: --add-modules=ALL-SYSTEM --add-opens=java.base/java.util=ALL-UNNAMED --add-opens=java.base/java.lang=ALL-UNNAMED --add-opens=java.base/sun.nio.fs=ALL-UNNAMED -Declipse.application=org.eclipse.jdt.ls.core.id1 -Dosgi.bundles.defaultStartLevel=4 -Declipse.product=org.eclipse.jdt.ls.core.product -Djava.import.generatesMetadataFilesAtProjectRoot=false -DDetectVMInstallationsJob.disabled=true -Dfile.encoding=utf8 -XX:+UseParallelGC -XX:GCTimeRatio=4 -XX:AdaptiveSizePolicyWeight=90 -Dsun.zip.disableMemoryMapping=true -Xmx2G -Xms100m -Xlog:disable -javaagent:c:\Users\LENOVO\.vscode\extensions\redhat.java-1.46.0-win32-x64\lombok\lombok-1.18.39-4050.jar -XX:+HeapDumpOnOutOfMemoryError -XX:HeapDumpPath=c:\Users\LENOVO\AppData\Roaming\Code\User\workspaceStorage\1f38b11eb3f2d8f68eb5f28ecf78de0d\redhat.java -Daether.dependencyCollector.impl=bf c:\Users\LENOVO\.vscode\extensions\redhat.java-1.46.0-win32-x64\server\plugins\org.eclipse.equinox.launcher_1.7.0.v20250519-0528.jar -configuration c:\Users\LENOVO\AppData\Roaming\Code\User\globalStorage\redhat.java\1.46.0\config_win -data c:\Users\LENOVO\AppData\Roaming\Code\User\workspaceStorage\1f38b11eb3f2d8f68eb5f28ecf78de0d\redhat.java\jdt_ws --pipe=\\.\pipe\lsp-b95260626cebe2579109f19e2b1d160e-sock

Host: AMD Ryzen 5 5600H with Radeon Graphics         , 12 cores, 5G,  Windows 11 , 64 bit Build 22621 (10.0.22621.5415)
Time: Mon Oct 27 22:35:02 2025 SE Asia Standard Time elapsed time: 24.327391 seconds (0d 0h 0m 24s)

---------------  T H R E A D  ---------------

Current thread (0x000001e8f5b2df90):  JavaThread "C1 CompilerThread0" daemon [_thread_in_native, id=25896, stack(0x000000dc43a00000,0x000000dc43b00000) (1024K)]


Current CompileTask:
C1:24327 7979   !   3       org.eclipse.jdt.ls.core.internal.CancellableProgressMonitor::isCanceled (33 bytes)

Stack: [0x000000dc43a00000,0x000000dc43b00000]
Native frames: (J=compiled Java code, j=interpreted, Vv=VM code, C=native code)
V  [jvm.dll+0x6d2449]
V  [jvm.dll+0x8ae341]
V  [jvm.dll+0x8b08be]
V  [jvm.dll+0x8b0fa3]
V  [jvm.dll+0x280c96]
V  [jvm.dll+0xc581d]
V  [jvm.dll+0xc5d53]
V  [jvm.dll+0x164eb6]
V  [jvm.dll+0x158c00]
V  [jvm.dll+0x168426]
V  [jvm.dll+0x154030]
V  [jvm.dll+0x1543b3]
V  [jvm.dll+0x154684]
V  [jvm.dll+0x153ab6]
V  [jvm.dll+0x15588d]
V  [jvm.dll+0x257d4d]
V  [jvm.dll+0x2562ea]
V  [jvm.dll+0x3f2d16]
V  [jvm.dll+0x857e6b]
V  [jvm.dll+0x6d0b0d]
C  [ucrtbase.dll+0x29333]
C  [KERNEL32.DLL+0x1259d]
C  [ntdll.dll+0x5af78]


---------------  P R O C E S S  ---------------

Threads class SMR info:
_java_thread_list=0x000001e8febcf010, length=49, elements={
0x000001e8dde152f0, 0x000001e8ddeb43d0, 0x000001e8dddbc600, 0x000001e8ddeb5720,
0x000001e8ddeb67b0, 0x000001e8ddebacb0, 0x000001e8ddebbf00, 0x000001e8ddecb0c0,
0x000001e8f5b2df90, 0x000001e8f5bfad50, 0x000001e8f5d265e0, 0x000001e8fb6c0140,
0x000001e8fb868f30, 0x000001e8fb867940, 0x000001e8fb2f7d80, 0x000001e8fb4b3a40,
0x000001e8fba67970, 0x000001e8fb97dcc0, 0x000001e8fb97c910, 0x000001e8fb97f700,
0x000001e8fb97f070, 0x000001e8fb97e9e0, 0x000001e8fb97e350, 0x000001e8fb97cfa0,
0x000001e8fb97d630, 0x000001e8fcefcc60, 0x000001e8fcefe010, 0x000001e8fcf00770,
0x000001e8fcefed30, 0x000001e8fcf00e00, 0x000001e8fceff3c0, 0x000001e8fceffa50,
0x000001e8fcf000e0, 0x000001e8fcf01490, 0x000001e8fcefd980, 0x000001e8fcf01b20,
0x000001e8fcf021b0, 0x000001e8fcf02840, 0x000001e8fcf02ed0, 0x000001e8fcefbf40,
0x000001e8fcf03560, 0x000001e8fcefc5d0, 0x000001e8feafbff0, 0x000001e8feaf8b70,
0x000001e8feaf9890, 0x000001e8feaf84e0, 0x000001e8feaf9f20, 0x000001e8feafb960,
0x000001e8feafb2d0
}

Java Threads: ( => current thread )
  0x000001e8dde152f0 JavaThread "main"                              [_thread_blocked, id=25488, stack(0x000000dc42f00000,0x000000dc43000000) (1024K)]
  0x000001e8ddeb43d0 JavaThread "Reference Handler"          daemon [_thread_blocked, id=17632, stack(0x000000dc43300000,0x000000dc43400000) (1024K)]
  0x000001e8dddbc600 JavaThread "Finalizer"                  daemon [_thread_blocked, id=14024, stack(0x000000dc43400000,0x000000dc43500000) (1024K)]
  0x000001e8ddeb5720 JavaThread "Signal Dispatcher"          daemon [_thread_blocked, id=19020, stack(0x000000dc43500000,0x000000dc43600000) (1024K)]
  0x000001e8ddeb67b0 JavaThread "Attach Listener"            daemon [_thread_blocked, id=19796, stack(0x000000dc43600000,0x000000dc43700000) (1024K)]
  0x000001e8ddebacb0 JavaThread "Service Thread"             daemon [_thread_blocked, id=21240, stack(0x000000dc43700000,0x000000dc43800000) (1024K)]
  0x000001e8ddebbf00 JavaThread "Monitor Deflation Thread"   daemon [_thread_blocked, id=33860, stack(0x000000dc43800000,0x000000dc43900000) (1024K)]
  0x000001e8ddecb0c0 JavaThread "C2 CompilerThread0"         daemon [_thread_in_native, id=37040, stack(0x000000dc43900000,0x000000dc43a00000) (1024K)]
=>0x000001e8f5b2df90 JavaThread "C1 CompilerThread0"         daemon [_thread_in_native, id=25896, stack(0x000000dc43a00000,0x000000dc43b00000) (1024K)]
  0x000001e8f5bfad50 JavaThread "Common-Cleaner"             daemon [_thread_blocked, id=21468, stack(0x000000dc43b00000,0x000000dc43c00000) (1024K)]
  0x000001e8f5d265e0 JavaThread "Notification Thread"        daemon [_thread_blocked, id=38088, stack(0x000000dc43c00000,0x000000dc43d00000) (1024K)]
  0x000001e8fb6c0140 JavaThread "Active Thread: Equinox Container: 3d6cb8a1-4fd6-4d8f-9a36-51793403cadc"        [_thread_blocked, id=22676, stack(0x000000dc44300000,0x000000dc44400000) (1024K)]
  0x000001e8fb868f30 JavaThread "Refresh Thread: Equinox Container: 3d6cb8a1-4fd6-4d8f-9a36-51793403cadc" daemon [_thread_blocked, id=6712, stack(0x000000dc44500000,0x000000dc44600000) (1024K)]
  0x000001e8fb867940 JavaThread "Framework Event Dispatcher: Equinox Container: 3d6cb8a1-4fd6-4d8f-9a36-51793403cadc" daemon [_thread_blocked, id=31968, stack(0x000000dc44600000,0x000000dc44700000) (1024K)]
  0x000001e8fb2f7d80 JavaThread "Start Level: Equinox Container: 3d6cb8a1-4fd6-4d8f-9a36-51793403cadc" daemon [_thread_blocked, id=26896, stack(0x000000dc44700000,0x000000dc44800000) (1024K)]
  0x000001e8fb4b3a40 JavaThread "Bundle File Closer"         daemon [_thread_blocked, id=41476, stack(0x000000dc44a00000,0x000000dc44b00000) (1024K)]
  0x000001e8fba67970 JavaThread "SCR Component Actor"        daemon [_thread_blocked, id=17560, stack(0x000000dc44b00000,0x000000dc44c00000) (1024K)]
  0x000001e8fb97dcc0 JavaThread "Worker-JM"                         [_thread_blocked, id=2388, stack(0x000000dc44c00000,0x000000dc44d00000) (1024K)]
  0x000001e8fb97c910 JavaThread "Worker-0"                          [_thread_blocked, id=17500, stack(0x000000dc44d00000,0x000000dc44e00000) (1024K)]
  0x000001e8fb97f700 JavaThread "Worker-1"                          [_thread_blocked, id=27180, stack(0x000000dc44e00000,0x000000dc44f00000) (1024K)]
  0x000001e8fb97f070 JavaThread "Java indexing"              daemon [_thread_blocked, id=19252, stack(0x000000dc44f00000,0x000000dc45000000) (1024K)]
  0x000001e8fb97e9e0 JavaThread "Worker-2"                          [_thread_blocked, id=32804, stack(0x000000dc45000000,0x000000dc45100000) (1024K)]
  0x000001e8fb97e350 JavaThread "Worker-3"                          [_thread_blocked, id=29080, stack(0x000000dc45100000,0x000000dc45200000) (1024K)]
  0x000001e8fb97cfa0 JavaThread "JNA Cleaner"                daemon [_thread_blocked, id=4500, stack(0x000000dc45200000,0x000000dc45300000) (1024K)]
  0x000001e8fb97d630 JavaThread "Worker-4"                          [_thread_blocked, id=23616, stack(0x000000dc45300000,0x000000dc45400000) (1024K)]
  0x000001e8fcefcc60 JavaThread "Worker-5: Initialize Workspace"        [_thread_blocked, id=21456, stack(0x000000dc45400000,0x000000dc45500000) (1024K)]
  0x000001e8fcefe010 JavaThread "Thread-1"                   daemon [_thread_in_native, id=34304, stack(0x000000dc45500000,0x000000dc45600000) (1024K)]
  0x000001e8fcf00770 JavaThread "Thread-2"                   daemon [_thread_in_native, id=16340, stack(0x000000dc45600000,0x000000dc45700000) (1024K)]
  0x000001e8fcefed30 JavaThread "Thread-3"                   daemon [_thread_in_native, id=20556, stack(0x000000dc45700000,0x000000dc45800000) (1024K)]
  0x000001e8fcf00e00 JavaThread "Thread-4"                   daemon [_thread_in_native, id=35108, stack(0x000000dc45800000,0x000000dc45900000) (1024K)]
  0x000001e8fceff3c0 JavaThread "Thread-5"                   daemon [_thread_in_native, id=26316, stack(0x000000dc45900000,0x000000dc45a00000) (1024K)]
  0x000001e8fceffa50 JavaThread "Thread-6"                   daemon [_thread_in_native, id=23636, stack(0x000000dc45a00000,0x000000dc45b00000) (1024K)]
  0x000001e8fcf000e0 JavaThread "Thread-7"                   daemon [_thread_in_native, id=1664, stack(0x000000dc45b00000,0x000000dc45c00000) (1024K)]
  0x000001e8fcf01490 JavaThread "Thread-8"                   daemon [_thread_in_native, id=30944, stack(0x000000dc45c00000,0x000000dc45d00000) (1024K)]
  0x000001e8fcefd980 JavaThread "Thread-9"                   daemon [_thread_in_native, id=23440, stack(0x000000dc45d00000,0x000000dc45e00000) (1024K)]
  0x000001e8fcf01b20 JavaThread "Thread-10"                  daemon [_thread_in_native, id=37544, stack(0x000000dc45e00000,0x000000dc45f00000) (1024K)]
  0x000001e8fcf021b0 JavaThread "Thread-11"                  daemon [_thread_in_native, id=40432, stack(0x000000dc45f00000,0x000000dc46000000) (1024K)]
  0x000001e8fcf02840 JavaThread "Thread-12"                  daemon [_thread_in_native, id=40764, stack(0x000000dc46000000,0x000000dc46100000) (1024K)]
  0x000001e8fcf02ed0 JavaThread "Thread-13"                  daemon [_thread_in_native, id=38056, stack(0x000000dc46100000,0x000000dc46200000) (1024K)]
  0x000001e8fcefbf40 JavaThread "pool-2-thread-1"                   [_thread_blocked, id=36884, stack(0x000000dc46200000,0x000000dc46300000) (1024K)]
  0x000001e8fcf03560 JavaThread "WorkspaceEventsHandler"            [_thread_blocked, id=32216, stack(0x000000dc46400000,0x000000dc46500000) (1024K)]
  0x000001e8fcefc5d0 JavaThread "pool-1-thread-1"                   [_thread_blocked, id=35672, stack(0x000000dc46500000,0x000000dc46600000) (1024K)]
  0x000001e8feafbff0 JavaThread "Timer-0"                           [_thread_blocked, id=25344, stack(0x000000dc46700000,0x000000dc46800000) (1024K)]
  0x000001e8feaf8b70 JavaThread "Timer-1"                           [_thread_blocked, id=26724, stack(0x000000dc46800000,0x000000dc46900000) (1024K)]
  0x000001e8feaf9890 JavaThread "Timer-2"                           [_thread_blocked, id=23716, stack(0x000000dc46a00000,0x000000dc46b00000) (1024K)]
  0x000001e8feaf84e0 JavaThread "Timer-3"                           [_thread_blocked, id=14512, stack(0x000000dc46b00000,0x000000dc46c00000) (1024K)]
  0x000001e8feaf9f20 JavaThread "Timer-4"                           [_thread_blocked, id=41968, stack(0x000000dc46c00000,0x000000dc46d00000) (1024K)]
  0x000001e8feafb960 JavaThread "Connection worker"                 [_thread_in_native, id=15552, stack(0x000000dc46d00000,0x000000dc46e00000) (1024K)]
  0x000001e8feafb2d0 JavaThread "pool-3-thread-1"                   [_thread_blocked, id=14532, stack(0x000000dc46e00000,0x000000dc46f00000) (1024K)]
Total: 49

Other Threads:
  0x000001e8ddeafb00 VMThread "VM Thread"                           [id=39196, stack(0x000000dc43200000,0x000000dc43300000) (1024K)]
  0x000001e8dde80530 WatcherThread "VM Periodic Task Thread"        [id=5192, stack(0x000000dc43100000,0x000000dc43200000) (1024K)]
  0x000001e8dde33840 WorkerThread "GC Thread#0"                     [id=22300, stack(0x000000dc43000000,0x000000dc43100000) (1024K)]
  0x000001e8fb23eb50 WorkerThread "GC Thread#1"                     [id=1236, stack(0x000000dc43d00000,0x000000dc43e00000) (1024K)]
  0x000001e8fb1af000 WorkerThread "GC Thread#2"                     [id=40568, stack(0x000000dc43e00000,0x000000dc43f00000) (1024K)]
  0x000001e8fb1af3a0 WorkerThread "GC Thread#3"                     [id=17616, stack(0x000000dc43f00000,0x000000dc44000000) (1024K)]
  0x000001e8fb14d6b0 WorkerThread "GC Thread#4"                     [id=19588, stack(0x000000dc44000000,0x000000dc44100000) (1024K)]
  0x000001e8fb14da50 WorkerThread "GC Thread#5"                     [id=32056, stack(0x000000dc44100000,0x000000dc44200000) (1024K)]
  0x000001e8fb410170 WorkerThread "GC Thread#6"                     [id=12844, stack(0x000000dc44200000,0x000000dc44300000) (1024K)]
  0x000001e8fb3f4100 WorkerThread "GC Thread#7"                     [id=21756, stack(0x000000dc44400000,0x000000dc44500000) (1024K)]
  0x000001e8fb6f6f50 WorkerThread "GC Thread#8"                     [id=18640, stack(0x000000dc44800000,0x000000dc44900000) (1024K)]
  0x000001e8fbc1c4e0 WorkerThread "GC Thread#9"                     [id=24280, stack(0x000000dc44900000,0x000000dc44a00000) (1024K)]
Total: 12

Threads with active compile tasks:
C2 CompilerThread0  24389 7962       4       java.io.ObjectInputStream::readClassDesc (121 bytes)
C1 CompilerThread0  24389 7979   !   3       org.eclipse.jdt.ls.core.internal.CancellableProgressMonitor::isCanceled (33 bytes)
Total: 2

VM state: not at safepoint (normal execution)

VM Mutex/Monitor currently owned by a thread: None

Heap address: 0x0000000080000000, size: 2048 MB, Compressed Oops mode: 32-bit

CDS archive(s) mapped at: [0x000001e880000000-0x000001e880ba0000-0x000001e880ba0000), size 12189696, SharedBaseAddress: 0x000001e880000000, ArchiveRelocationMode: 1.
Compressed class space mapped at: 0x000001e881000000-0x000001e8c1000000, reserved size: 1073741824
Narrow klass base: 0x000001e880000000, Narrow klass shift: 0, Narrow klass range: 0x100000000

GC Precious Log:
 CardTable entry size: 512
 CPUs: 12 total, 12 available
 Memory: 5996M
 Large Page Support: Disabled
 NUMA Support: Disabled
 Compressed Oops: Enabled (32-bit)
 Alignments: Space 512K, Generation 512K, Heap 2M
 Heap Min Capacity: 100M
 Heap Initial Capacity: 100M
 Heap Max Capacity: 2G
 Pre-touch: Disabled
 Parallel Workers: 10

Heap:
 PSYoungGen      total 17408K, used 8122K [0x00000000d5580000, 0x00000000d6780000, 0x0000000100000000)
  eden space 16384K, 45% used [0x00000000d5580000,0x00000000d5cd6ab0,0x00000000d6580000)
  from space 1024K, 59% used [0x00000000d6580000,0x00000000d6618010,0x00000000d6680000)
  to   space 1024K, 0% used [0x00000000d6680000,0x00000000d6680000,0x00000000d6780000)
 ParOldGen       total 68608K, used 45746K [0x0000000080000000, 0x0000000084300000, 0x00000000d5580000)
  object space 68608K, 66% used [0x0000000080000000,0x0000000082cac9c0,0x0000000084300000)
 Metaspace       used 66609K, committed 68032K, reserved 1114112K
  class space    used 8426K, committed 9088K, reserved 1048576K

Card table byte_map: [0x000001e8dd7b0000,0x000001e8ddbc0000] _byte_map_base: 0x000001e8dd3b0000

Marking Bits: (ParMarkBitMap*) 0x00007ffe2137a340
 Begin Bits: [0x000001e8f02b0000, 0x000001e8f22b0000)
 End Bits:   [0x000001e8f22b0000, 0x000001e8f42b0000)

Polling page: 0x000001e8dbca0000

Metaspace:

Usage:
  Non-class:     56.82 MB used.
      Class:      8.23 MB used.
       Both:     65.05 MB used.

Virtual space:
  Non-class space:       64.00 MB reserved,      57.56 MB ( 90%) committed,  1 nodes.
      Class space:        1.00 GB reserved,       8.88 MB ( <1%) committed,  1 nodes.
             Both:        1.06 GB reserved,      66.44 MB (  6%) committed. 

Chunk freelists:
   Non-Class:  6.07 MB
       Class:  7.16 MB
        Both:  13.23 MB

MaxMetaspaceSize: unlimited
CompressedClassSpaceSize: 1.00 GB
Initial GC threshold: 21.00 MB
Current GC threshold: 97.31 MB
CDS: on
 - commit_granule_bytes: 65536.
 - commit_granule_words: 8192.
 - virtual_space_node_default_size: 8388608.
 - enlarge_chunks_in_place: 1.
 - use_allocation_guard: 0.


Internal statistics:

num_allocs_failed_limit: 9.
num_arena_births: 1132.
num_arena_deaths: 14.
num_vsnodes_births: 2.
num_vsnodes_deaths: 0.
num_space_committed: 1063.
num_space_uncommitted: 0.
num_chunks_returned_to_freelist: 23.
num_chunks_taken_from_freelist: 3837.
num_chunk_merges: 15.
num_chunk_splits: 2491.
num_chunks_enlarged: 1580.
num_inconsistent_stats: 0.

CodeHeap 'non-profiled nmethods': size=120000Kb used=4212Kb max_used=4212Kb free=115787Kb
 bounds [0x000001e8e8ad0000, 0x000001e8e8ef0000, 0x000001e8f0000000]
CodeHeap 'profiled nmethods': size=120000Kb used=13704Kb max_used=13704Kb free=106296Kb
 bounds [0x000001e8e1000000, 0x000001e8e1d70000, 0x000001e8e8530000]
CodeHeap 'non-nmethods': size=5760Kb used=1421Kb max_used=1494Kb free=4338Kb
 bounds [0x000001e8e8530000, 0x000001e8e87a0000, 0x000001e8e8ad0000]
CodeCache: size=245760Kb, used=19337Kb, max_used=19410Kb, free=226421Kb
 total_blobs=8010, nmethods=7288, adapters=628, full_count=0
Compilation: enabled, stopped_count=0, restarted_count=0

Compilation events (20 events):
Event: 24.303 Thread 0x000001e8f5b2df90 nmethod 7968 0x000001e8e1d57b90 code [0x000001e8e1d57da0, 0x000001e8e1d584a0]
Event: 24.303 Thread 0x000001e8f5b2df90 7969       3       org.gradle.tooling.events.internal.DefaultStartEvent::<init> (9 bytes)
Event: 24.303 Thread 0x000001e8f5b2df90 nmethod 7969 0x000001e8e1d58710 code [0x000001e8e1d588c0, 0x000001e8e1d58ab8]
Event: 24.303 Thread 0x000001e8f5b2df90 7970       3       org.gradle.tooling.internal.consumer.parameters.BuildProgressListenerAdapter::toDescriptor (21 bytes)
Event: 24.303 Thread 0x000001e8f5b2df90 nmethod 7970 0x000001e8e1d58b90 code [0x000001e8e1d58d60, 0x000001e8e1d59360]
Event: 24.303 Thread 0x000001e8f5b2df90 7973   !   3       jdk.internal.reflect.GeneratedSerializationConstructorAccessor39::newInstance (49 bytes)
Event: 24.303 Thread 0x000001e8f5b2df90 nmethod 7973 0x000001e8e1d59590 code [0x000001e8e1d59780, 0x000001e8e1d59ba0]
Event: 24.303 Thread 0x000001e8f5b2df90 7972   !   3       jdk.internal.reflect.GeneratedSerializationConstructorAccessor36::newInstance (49 bytes)
Event: 24.304 Thread 0x000001e8f5b2df90 nmethod 7972 0x000001e8e1d59e10 code [0x000001e8e1d5a000, 0x000001e8e1d5a420]
Event: 24.304 Thread 0x000001e8f5b2df90 7974   !   3       jdk.internal.reflect.DirectMethodHandleAccessor::invoke (92 bytes)
Event: 24.306 Thread 0x000001e8f5b2df90 nmethod 7974 0x000001e8e1d5a690 code [0x000001e8e1d5aba0, 0x000001e8e1d5d0b0]
Event: 24.312 Thread 0x000001e8f5b2df90 7975       3       org.gradle.tooling.internal.consumer.parameters.BuildProgressListenerAdapter::genericStartedEvent (42 bytes)
Event: 24.313 Thread 0x000001e8f5b2df90 nmethod 7975 0x000001e8e1d5e710 code [0x000001e8e1d5e980, 0x000001e8e1d5f530]
Event: 24.313 Thread 0x000001e8f5b2df90 7976       3       org.gradle.tooling.internal.consumer.parameters.BuildProgressListenerAdapter::genericFinishedEvent (44 bytes)
Event: 24.314 Thread 0x000001e8f5b2df90 nmethod 7976 0x000001e8e1d5f990 code [0x000001e8e1d5fba0, 0x000001e8e1d600e0]
Event: 24.317 Thread 0x000001e8f5b2df90 7977       3       org.gradle.tooling.internal.consumer.parameters.BuildProgressListenerAdapter::assertDescriptorType (53 bytes)
Event: 24.318 Thread 0x000001e8f5b2df90 nmethod 7977 0x000001e8e1d60390 code [0x000001e8e1d60660, 0x000001e8e1d61608]
Event: 24.319 Thread 0x000001e8f5b2df90 7978       3       org.gradle.tooling.events.internal.DefaultOperationSuccessResult::<init> (15 bytes)
Event: 24.319 Thread 0x000001e8f5b2df90 nmethod 7978 0x000001e8e1d61c10 code [0x000001e8e1d61dc0, 0x000001e8e1d61f30]
Event: 24.319 Thread 0x000001e8f5b2df90 7979   !   3       org.eclipse.jdt.ls.core.internal.CancellableProgressMonitor::isCanceled (33 bytes)

GC Heap History (20 events):
Event: 19.414 GC heap before
{Heap before GC invocations=41 (full 3):
 PSYoungGen      total 18432K, used 16912K [0x00000000d5580000, 0x00000000d6880000, 0x0000000100000000)
  eden space 16384K, 100% used [0x00000000d5580000,0x00000000d6580000,0x00000000d6580000)
  from space 2048K, 25% used [0x00000000d6580000,0x00000000d6604248,0x00000000d6780000)
  to   space 1024K, 0% used [0x00000000d6780000,0x00000000d6780000,0x00000000d6880000)
 ParOldGen       total 68608K, used 42456K [0x0000000080000000, 0x0000000084300000, 0x00000000d5580000)
  object space 68608K, 61% used [0x0000000080000000,0x0000000082976190,0x0000000084300000)
 Metaspace       used 63730K, committed 65024K, reserved 1114112K
  class space    used 8006K, committed 8576K, reserved 1048576K
}
Event: 19.416 GC heap after
{Heap after GC invocations=41 (full 3):
 PSYoungGen      total 17408K, used 1005K [0x00000000d5580000, 0x00000000d6980000, 0x0000000100000000)
  eden space 16384K, 0% used [0x00000000d5580000,0x00000000d5580000,0x00000000d6580000)
  from space 1024K, 98% used [0x00000000d6780000,0x00000000d687b510,0x00000000d6880000)
  to   space 2048K, 0% used [0x00000000d6580000,0x00000000d6580000,0x00000000d6780000)
 ParOldGen       total 68608K, used 43091K [0x0000000080000000, 0x0000000084300000, 0x00000000d5580000)
  object space 68608K, 62% used [0x0000000080000000,0x0000000082a14f58,0x0000000084300000)
 Metaspace       used 63730K, committed 65024K, reserved 1114112K
  class space    used 8006K, committed 8576K, reserved 1048576K
}
Event: 19.513 GC heap before
{Heap before GC invocations=42 (full 3):
 PSYoungGen      total 17408K, used 17389K [0x00000000d5580000, 0x00000000d6980000, 0x0000000100000000)
  eden space 16384K, 100% used [0x00000000d5580000,0x00000000d6580000,0x00000000d6580000)
  from space 1024K, 98% used [0x00000000d6780000,0x00000000d687b510,0x00000000d6880000)
  to   space 2048K, 0% used [0x00000000d6580000,0x00000000d6580000,0x00000000d6780000)
 ParOldGen       total 68608K, used 43091K [0x0000000080000000, 0x0000000084300000, 0x00000000d5580000)
  object space 68608K, 62% used [0x0000000080000000,0x0000000082a14f58,0x0000000084300000)
 Metaspace       used 63730K, committed 65024K, reserved 1114112K
  class space    used 8006K, committed 8576K, reserved 1048576K
}
Event: 19.515 GC heap after
{Heap after GC invocations=42 (full 3):
 PSYoungGen      total 17920K, used 1314K [0x00000000d5580000, 0x00000000d6880000, 0x0000000100000000)
  eden space 16384K, 0% used [0x00000000d5580000,0x00000000d5580000,0x00000000d6580000)
  from space 1536K, 85% used [0x00000000d6580000,0x00000000d66c8b90,0x00000000d6700000)
  to   space 1536K, 0% used [0x00000000d6700000,0x00000000d6700000,0x00000000d6880000)
 ParOldGen       total 68608K, used 43953K [0x0000000080000000, 0x0000000084300000, 0x00000000d5580000)
  object space 68608K, 64% used [0x0000000080000000,0x0000000082aec478,0x0000000084300000)
 Metaspace       used 63730K, committed 65024K, reserved 1114112K
  class space    used 8006K, committed 8576K, reserved 1048576K
}
Event: 19.623 GC heap before
{Heap before GC invocations=43 (full 3):
 PSYoungGen      total 17920K, used 17698K [0x00000000d5580000, 0x00000000d6880000, 0x0000000100000000)
  eden space 16384K, 100% used [0x00000000d5580000,0x00000000d6580000,0x00000000d6580000)
  from space 1536K, 85% used [0x00000000d6580000,0x00000000d66c8b90,0x00000000d6700000)
  to   space 1536K, 0% used [0x00000000d6700000,0x00000000d6700000,0x00000000d6880000)
 ParOldGen       total 68608K, used 43953K [0x0000000080000000, 0x0000000084300000, 0x00000000d5580000)
  object space 68608K, 64% used [0x0000000080000000,0x0000000082aec478,0x0000000084300000)
 Metaspace       used 63730K, committed 65024K, reserved 1114112K
  class space    used 8006K, committed 8576K, reserved 1048576K
}
Event: 19.625 GC heap after
{Heap after GC invocations=43 (full 3):
 PSYoungGen      total 16896K, used 470K [0x00000000d5580000, 0x00000000d6780000, 0x0000000100000000)
  eden space 16384K, 0% used [0x00000000d5580000,0x00000000d5580000,0x00000000d6580000)
  from space 512K, 91% used [0x00000000d6700000,0x00000000d67759c0,0x00000000d6780000)
  to   space 1024K, 0% used [0x00000000d6580000,0x00000000d6580000,0x00000000d6680000)
 ParOldGen       total 68608K, used 44025K [0x0000000080000000, 0x0000000084300000, 0x00000000d5580000)
  object space 68608K, 64% used [0x0000000080000000,0x0000000082afe478,0x0000000084300000)
 Metaspace       used 63730K, committed 65024K, reserved 1114112K
  class space    used 8006K, committed 8576K, reserved 1048576K
}
Event: 19.732 GC heap before
{Heap before GC invocations=44 (full 3):
 PSYoungGen      total 16896K, used 16854K [0x00000000d5580000, 0x00000000d6780000, 0x0000000100000000)
  eden space 16384K, 100% used [0x00000000d5580000,0x00000000d6580000,0x00000000d6580000)
  from space 512K, 91% used [0x00000000d6700000,0x00000000d67759c0,0x00000000d6780000)
  to   space 1024K, 0% used [0x00000000d6580000,0x00000000d6580000,0x00000000d6680000)
 ParOldGen       total 68608K, used 44025K [0x0000000080000000, 0x0000000084300000, 0x00000000d5580000)
  object space 68608K, 64% used [0x0000000080000000,0x0000000082afe478,0x0000000084300000)
 Metaspace       used 63730K, committed 65024K, reserved 1114112K
  class space    used 8006K, committed 8576K, reserved 1048576K
}
Event: 19.733 GC heap after
{Heap after GC invocations=44 (full 3):
 PSYoungGen      total 17408K, used 320K [0x00000000d5580000, 0x00000000d6780000, 0x0000000100000000)
  eden space 16384K, 0% used [0x00000000d5580000,0x00000000d5580000,0x00000000d6580000)
  from space 1024K, 31% used [0x00000000d6580000,0x00000000d65d0000,0x00000000d6680000)
  to   space 512K, 0% used [0x00000000d6700000,0x00000000d6700000,0x00000000d6780000)
 ParOldGen       total 68608K, used 44199K [0x0000000080000000, 0x0000000084300000, 0x00000000d5580000)
  object space 68608K, 64% used [0x0000000080000000,0x0000000082b29e98,0x0000000084300000)
 Metaspace       used 63730K, committed 65024K, reserved 1114112K
  class space    used 8006K, committed 8576K, reserved 1048576K
}
Event: 19.822 GC heap before
{Heap before GC invocations=45 (full 3):
 PSYoungGen      total 17408K, used 16704K [0x00000000d5580000, 0x00000000d6780000, 0x0000000100000000)
  eden space 16384K, 100% used [0x00000000d5580000,0x00000000d6580000,0x00000000d6580000)
  from space 1024K, 31% used [0x00000000d6580000,0x00000000d65d0000,0x00000000d6680000)
  to   space 512K, 0% used [0x00000000d6700000,0x00000000d6700000,0x00000000d6780000)
 ParOldGen       total 68608K, used 44199K [0x0000000080000000, 0x0000000084300000, 0x00000000d5580000)
  object space 68608K, 64% used [0x0000000080000000,0x0000000082b29e98,0x0000000084300000)
 Metaspace       used 63730K, committed 65024K, reserved 1114112K
  class space    used 8006K, committed 8576K, reserved 1048576K
}
Event: 19.824 GC heap after
{Heap after GC invocations=45 (full 3):
 PSYoungGen      total 16896K, used 511K [0x00000000d5580000, 0x00000000d6880000, 0x0000000100000000)
  eden space 16384K, 0% used [0x00000000d5580000,0x00000000d5580000,0x00000000d6580000)
  from space 512K, 99% used [0x00000000d6700000,0x00000000d677fcc8,0x00000000d6780000)
  to   space 1536K, 0% used [0x00000000d6580000,0x00000000d6580000,0x00000000d6700000)
 ParOldGen       total 68608K, used 44993K [0x0000000080000000, 0x0000000084300000, 0x00000000d5580000)
  object space 68608K, 65% used [0x0000000080000000,0x0000000082bf05d8,0x0000000084300000)
 Metaspace       used 63730K, committed 65024K, reserved 1114112K
  class space    used 8006K, committed 8576K, reserved 1048576K
}
Event: 19.914 GC heap before
{Heap before GC invocations=46 (full 3):
 PSYoungGen      total 16896K, used 16895K [0x00000000d5580000, 0x00000000d6880000, 0x0000000100000000)
  eden space 16384K, 100% used [0x00000000d5580000,0x00000000d6580000,0x00000000d6580000)
  from space 512K, 99% used [0x00000000d6700000,0x00000000d677fcc8,0x00000000d6780000)
  to   space 1536K, 0% used [0x00000000d6580000,0x00000000d6580000,0x00000000d6700000)
 ParOldGen       total 68608K, used 44993K [0x0000000080000000, 0x0000000084300000, 0x00000000d5580000)
  object space 68608K, 65% used [0x0000000080000000,0x0000000082bf05d8,0x0000000084300000)
 Metaspace       used 63730K, committed 65024K, reserved 1114112K
  class space    used 8006K, committed 8576K, reserved 1048576K
}
Event: 19.915 GC heap after
{Heap after GC invocations=46 (full 3):
 PSYoungGen      total 17920K, used 970K [0x00000000d5580000, 0x00000000d6880000, 0x0000000100000000)
  eden space 16384K, 0% used [0x00000000d5580000,0x00000000d5580000,0x00000000d6580000)
  from space 1536K, 63% used [0x00000000d6580000,0x00000000d6672930,0x00000000d6700000)
  to   space 1536K, 0% used [0x00000000d6700000,0x00000000d6700000,0x00000000d6880000)
 ParOldGen       total 68608K, used 45033K [0x0000000080000000, 0x0000000084300000, 0x00000000d5580000)
  object space 68608K, 65% used [0x0000000080000000,0x0000000082bfa5d8,0x0000000084300000)
 Metaspace       used 63730K, committed 65024K, reserved 1114112K
  class space    used 8006K, committed 8576K, reserved 1048576K
}
Event: 19.991 GC heap before
{Heap before GC invocations=47 (full 3):
 PSYoungGen      total 17920K, used 17354K [0x00000000d5580000, 0x00000000d6880000, 0x0000000100000000)
  eden space 16384K, 100% used [0x00000000d5580000,0x00000000d6580000,0x00000000d6580000)
  from space 1536K, 63% used [0x00000000d6580000,0x00000000d6672930,0x00000000d6700000)
  to   space 1536K, 0% used [0x00000000d6700000,0x00000000d6700000,0x00000000d6880000)
 ParOldGen       total 68608K, used 45033K [0x0000000080000000, 0x0000000084300000, 0x00000000d5580000)
  object space 68608K, 65% used [0x0000000080000000,0x0000000082bfa5d8,0x0000000084300000)
 Metaspace       used 63730K, committed 65024K, reserved 1114112K
  class space    used 8006K, committed 8576K, reserved 1048576K
}
Event: 19.992 GC heap after
{Heap after GC invocations=47 (full 3):
 PSYoungGen      total 16896K, used 256K [0x00000000d5580000, 0x00000000d6780000, 0x0000000100000000)
  eden space 16384K, 0% used [0x00000000d5580000,0x00000000d5580000,0x00000000d6580000)
  from space 512K, 50% used [0x00000000d6700000,0x00000000d6740000,0x00000000d6780000)
  to   space 1024K, 0% used [0x00000000d6580000,0x00000000d6580000,0x00000000d6680000)
 ParOldGen       total 68608K, used 45121K [0x0000000080000000, 0x0000000084300000, 0x00000000d5580000)
  object space 68608K, 65% used [0x0000000080000000,0x0000000082c105d8,0x0000000084300000)
 Metaspace       used 63730K, committed 65024K, reserved 1114112K
  class space    used 8006K, committed 8576K, reserved 1048576K
}
Event: 20.065 GC heap before
{Heap before GC invocations=48 (full 3):
 PSYoungGen      total 16896K, used 16640K [0x00000000d5580000, 0x00000000d6780000, 0x0000000100000000)
  eden space 16384K, 100% used [0x00000000d5580000,0x00000000d6580000,0x00000000d6580000)
  from space 512K, 50% used [0x00000000d6700000,0x00000000d6740000,0x00000000d6780000)
  to   space 1024K, 0% used [0x00000000d6580000,0x00000000d6580000,0x00000000d6680000)
 ParOldGen       total 68608K, used 45121K [0x0000000080000000, 0x0000000084300000, 0x00000000d5580000)
  object space 68608K, 65% used [0x0000000080000000,0x0000000082c105d8,0x0000000084300000)
 Metaspace       used 63730K, committed 65024K, reserved 1114112K
  class space    used 8006K, committed 8576K, reserved 1048576K
}
Event: 20.066 GC heap after
{Heap after GC invocations=48 (full 3):
 PSYoungGen      total 17408K, used 1008K [0x00000000d5580000, 0x00000000d6880000, 0x0000000100000000)
  eden space 16384K, 0% used [0x00000000d5580000,0x00000000d5580000,0x00000000d6580000)
  from space 1024K, 98% used [0x00000000d6580000,0x00000000d667c3c0,0x00000000d6680000)
  to   space 1536K, 0% used [0x00000000d6700000,0x00000000d6700000,0x00000000d6880000)
 ParOldGen       total 68608K, used 45242K [0x0000000080000000, 0x0000000084300000, 0x00000000d5580000)
  object space 68608K, 65% used [0x0000000080000000,0x0000000082c2e9a0,0x0000000084300000)
 Metaspace       used 63730K, committed 65024K, reserved 1114112K
  class space    used 8006K, committed 8576K, reserved 1048576K
}
Event: 20.241 GC heap before
{Heap before GC invocations=49 (full 3):
 PSYoungGen      total 17408K, used 17392K [0x00000000d5580000, 0x00000000d6880000, 0x0000000100000000)
  eden space 16384K, 100% used [0x00000000d5580000,0x00000000d6580000,0x00000000d6580000)
  from space 1024K, 98% used [0x00000000d6580000,0x00000000d667c3c0,0x00000000d6680000)
  to   space 1536K, 0% used [0x00000000d6700000,0x00000000d6700000,0x00000000d6880000)
 ParOldGen       total 68608K, used 45242K [0x0000000080000000, 0x0000000084300000, 0x00000000d5580000)
  object space 68608K, 65% used [0x0000000080000000,0x0000000082c2e9a0,0x0000000084300000)
 Metaspace       used 65033K, committed 66432K, reserved 1114112K
  class space    used 8213K, committed 8832K, reserved 1048576K
}
Event: 20.242 GC heap after
{Heap after GC invocations=49 (full 3):
 PSYoungGen      total 17408K, used 640K [0x00000000d5580000, 0x00000000d6800000, 0x0000000100000000)
  eden space 16384K, 0% used [0x00000000d5580000,0x00000000d5580000,0x00000000d6580000)
  from space 1024K, 62% used [0x00000000d6700000,0x00000000d67a0000,0x00000000d6800000)
  to   space 1024K, 0% used [0x00000000d6580000,0x00000000d6580000,0x00000000d6680000)
 ParOldGen       total 68608K, used 45314K [0x0000000080000000, 0x0000000084300000, 0x00000000d5580000)
  object space 68608K, 66% used [0x0000000080000000,0x0000000082c409b0,0x0000000084300000)
 Metaspace       used 65033K, committed 66432K, reserved 1114112K
  class space    used 8213K, committed 8832K, reserved 1048576K
}
Event: 24.288 GC heap before
{Heap before GC invocations=50 (full 3):
 PSYoungGen      total 17408K, used 17024K [0x00000000d5580000, 0x00000000d6800000, 0x0000000100000000)
  eden space 16384K, 100% used [0x00000000d5580000,0x00000000d6580000,0x00000000d6580000)
  from space 1024K, 62% used [0x00000000d6700000,0x00000000d67a0000,0x00000000d6800000)
  to   space 1024K, 0% used [0x00000000d6580000,0x00000000d6580000,0x00000000d6680000)
 ParOldGen       total 68608K, used 45314K [0x0000000080000000, 0x0000000084300000, 0x00000000d5580000)
  object space 68608K, 66% used [0x0000000080000000,0x0000000082c409b0,0x0000000084300000)
 Metaspace       used 66581K, committed 68032K, reserved 1114112K
  class space    used 8426K, committed 9088K, reserved 1048576K
}
Event: 24.289 GC heap after
{Heap after GC invocations=50 (full 3):
 PSYoungGen      total 17408K, used 608K [0x00000000d5580000, 0x00000000d6780000, 0x0000000100000000)
  eden space 16384K, 0% used [0x00000000d5580000,0x00000000d5580000,0x00000000d6580000)
  from space 1024K, 59% used [0x00000000d6580000,0x00000000d6618010,0x00000000d6680000)
  to   space 1024K, 0% used [0x00000000d6680000,0x00000000d6680000,0x00000000d6780000)
 ParOldGen       total 68608K, used 45746K [0x0000000080000000, 0x0000000084300000, 0x00000000d5580000)
  object space 68608K, 66% used [0x0000000080000000,0x0000000082cac9c0,0x0000000084300000)
 Metaspace       used 66581K, committed 68032K, reserved 1114112K
  class space    used 8426K, committed 9088K, reserved 1048576K
}

Dll operation events (15 events):
Event: 0.016 Loaded shared library c:\Users\LENOVO\.vscode\extensions\redhat.java-1.46.0-win32-x64\jre\21.0.8-win32-x86_64\bin\java.dll
Event: 0.134 Loaded shared library c:\Users\LENOVO\.vscode\extensions\redhat.java-1.46.0-win32-x64\jre\21.0.8-win32-x86_64\bin\zip.dll
Event: 0.163 Loaded shared library C:\Users\LENOVO\.vscode\extensions\redhat.java-1.46.0-win32-x64\jre\21.0.8-win32-x86_64\bin\instrument.dll
Event: 0.170 Loaded shared library C:\Users\LENOVO\.vscode\extensions\redhat.java-1.46.0-win32-x64\jre\21.0.8-win32-x86_64\bin\net.dll
Event: 0.173 Loaded shared library C:\Users\LENOVO\.vscode\extensions\redhat.java-1.46.0-win32-x64\jre\21.0.8-win32-x86_64\bin\nio.dll
Event: 0.177 Loaded shared library C:\Users\LENOVO\.vscode\extensions\redhat.java-1.46.0-win32-x64\jre\21.0.8-win32-x86_64\bin\zip.dll
Event: 0.206 Loaded shared library C:\Users\LENOVO\.vscode\extensions\redhat.java-1.46.0-win32-x64\jre\21.0.8-win32-x86_64\bin\jimage.dll
Event: 0.312 Loaded shared library c:\Users\LENOVO\.vscode\extensions\redhat.java-1.46.0-win32-x64\jre\21.0.8-win32-x86_64\bin\verify.dll
Event: 1.806 Loaded shared library C:\Users\LENOVO\AppData\Roaming\Code\User\globalStorage\redhat.java\1.46.0\config_win\org.eclipse.equinox.launcher\org.eclipse.equinox.launcher.win32.win32.x86_64_1.2.1400.v20250801-0854\eclipse_11916.dll
Event: 3.786 Loaded shared library C:\Users\LENOVO\.vscode\extensions\redhat.java-1.46.0-win32-x64\jre\21.0.8-win32-x86_64\bin\management.dll
Event: 3.789 Loaded shared library C:\Users\LENOVO\.vscode\extensions\redhat.java-1.46.0-win32-x64\jre\21.0.8-win32-x86_64\bin\management_ext.dll
Event: 6.174 Loaded shared library C:\Users\LENOVO\AppData\Local\Temp\jna--2053026509\jna13632543984825780119.dll
Event: 6.338 Loaded shared library C:\Users\LENOVO\.vscode\extensions\redhat.java-1.46.0-win32-x64\jre\21.0.8-win32-x86_64\bin\sunmscapi.dll
Event: 6.832 Loaded shared library C:\Users\LENOVO\.vscode\extensions\redhat.java-1.46.0-win32-x64\jre\21.0.8-win32-x86_64\bin\extnet.dll
Event: 10.649 Loaded shared library C:\Users\LENOVO\.gradle\native\1def1411415f61bf3af743bc5b6707747c0891f09f0c88961ee8f79bc544acac\windows-amd64\native-platform.dll

Deoptimization events (20 events):
Event: 23.345 Thread 0x000001e8feafb960 DEOPT PACKING pc=0x000001e8e8db84c0 sp=0x000000dc46dfe5e0
Event: 23.345 Thread 0x000001e8feafb960 DEOPT UNPACKING pc=0x000001e8e8583aa2 sp=0x000000dc46dfe5d8 mode 2
Event: 23.345 Thread 0x000001e8feafb960 Uncommon trap: trap_request=0xffffffc6 fr.pc=0x000001e8e8dc3fa0 relative=0x0000000000000300
Event: 23.345 Thread 0x000001e8feafb960 Uncommon trap: reason=bimorphic_or_optimized_type_check action=maybe_recompile pc=0x000001e8e8dc3fa0 method=java.util.Collections$SetFromMap.add(Ljava/lang/Object;)Z @ 8 c2
Event: 23.345 Thread 0x000001e8feafb960 DEOPT PACKING pc=0x000001e8e8dc3fa0 sp=0x000000dc46dfe600
Event: 23.345 Thread 0x000001e8feafb960 DEOPT UNPACKING pc=0x000001e8e8583aa2 sp=0x000000dc46dfe5d0 mode 2
Event: 23.577 Thread 0x000001e8feafb960 Uncommon trap: trap_request=0xffffffde fr.pc=0x000001e8e8db84c0 relative=0x0000000000000500
Event: 23.577 Thread 0x000001e8feafb960 Uncommon trap: reason=class_check action=maybe_recompile pc=0x000001e8e8db84c0 method=java.util.Collections$SetFromMap.remove(Ljava/lang/Object;)Z @ 5 c2
Event: 23.577 Thread 0x000001e8feafb960 DEOPT PACKING pc=0x000001e8e8db84c0 sp=0x000000dc46dfe5e0
Event: 23.577 Thread 0x000001e8feafb960 DEOPT UNPACKING pc=0x000001e8e8583aa2 sp=0x000000dc46dfe5d8 mode 2
Event: 23.598 Thread 0x000001e8feafb960 Uncommon trap: trap_request=0xffffffde fr.pc=0x000001e8e8db84c0 relative=0x0000000000000500
Event: 23.598 Thread 0x000001e8feafb960 Uncommon trap: reason=class_check action=maybe_recompile pc=0x000001e8e8db84c0 method=java.util.Collections$SetFromMap.remove(Ljava/lang/Object;)Z @ 5 c2
Event: 23.598 Thread 0x000001e8feafb960 DEOPT PACKING pc=0x000001e8e8db84c0 sp=0x000000dc46dfe5e0
Event: 23.598 Thread 0x000001e8feafb960 DEOPT UNPACKING pc=0x000001e8e8583aa2 sp=0x000000dc46dfe5d8 mode 2
Event: 23.665 Thread 0x000001e8feafb960 Uncommon trap: trap_request=0xffffff45 fr.pc=0x000001e8e8ed99d4 relative=0x0000000000000134
Event: 23.665 Thread 0x000001e8feafb960 Uncommon trap: reason=unstable_if action=reinterpret pc=0x000001e8e8ed99d4 method=com.esotericsoftware.kryo.io.Input.read([BII)I @ 64 c2
Event: 23.665 Thread 0x000001e8feafb960 DEOPT PACKING pc=0x000001e8e8ed99d4 sp=0x000000dc46dfd950
Event: 23.665 Thread 0x000001e8feafb960 DEOPT UNPACKING pc=0x000001e8e8583aa2 sp=0x000000dc46dfd888 mode 2
Event: 23.668 Thread 0x000001e8feafb960 DEOPT PACKING pc=0x000001e8e17b3239 sp=0x000000dc46dfd420
Event: 23.668 Thread 0x000001e8feafb960 DEOPT UNPACKING pc=0x000001e8e8584242 sp=0x000000dc46dfc8b8 mode 0

Classes loaded (20 events):
Event: 21.073 Loading class java/io/ObjectInputStream$HandleTable
Event: 21.073 Loading class java/io/ObjectInputStream$HandleTable done
Event: 21.073 Loading class java/io/ObjectInputStream$HandleTable$HandleList
Event: 21.073 Loading class java/io/ObjectInputStream$HandleTable$HandleList done
Event: 21.073 Loading class java/io/ObjectInputStream$ValidationList
Event: 21.073 Loading class java/io/ObjectInputStream$ValidationList done
Event: 21.073 Loading class java/io/ObjectInputFilter$Config
Event: 21.074 Loading class java/io/ObjectInputFilter$Config done
Event: 21.074 Loading class java/io/ObjectInputFilter
Event: 21.074 Loading class java/io/ObjectInputFilter done
Event: 21.074 Loading class java/io/ObjectInputFilter$Config$BuiltinFilterFactory
Event: 21.074 Loading class java/io/ObjectInputFilter$Config$BuiltinFilterFactory done
Event: 21.074 Loading class jdk/internal/access/JavaObjectInputFilterAccess
Event: 21.074 Loading class jdk/internal/access/JavaObjectInputFilterAccess done
Event: 21.075 Loading class jdk/internal/event/DeserializationEvent
Event: 21.076 Loading class jdk/internal/event/DeserializationEvent done
Event: 21.078 Loading class java/io/ObjectInputStream$FieldValues
Event: 21.078 Loading class java/io/ObjectInputStream$GetField
Event: 21.078 Loading class java/io/ObjectInputStream$GetField done
Event: 21.078 Loading class java/io/ObjectInputStream$FieldValues done

Classes unloaded (7 events):
Event: 5.019 Thread 0x000001e8ddeafb00 Unloading class 0x000001e8811aac00 'java/lang/invoke/LambdaForm$MH+0x000001e8811aac00'
Event: 5.019 Thread 0x000001e8ddeafb00 Unloading class 0x000001e8811aa800 'java/lang/invoke/LambdaForm$MH+0x000001e8811aa800'
Event: 5.019 Thread 0x000001e8ddeafb00 Unloading class 0x000001e8811aa400 'java/lang/invoke/LambdaForm$MH+0x000001e8811aa400'
Event: 5.019 Thread 0x000001e8ddeafb00 Unloading class 0x000001e8811aa000 'java/lang/invoke/LambdaForm$MH+0x000001e8811aa000'
Event: 5.019 Thread 0x000001e8ddeafb00 Unloading class 0x000001e8811a9c00 'java/lang/invoke/LambdaForm$BMH+0x000001e8811a9c00'
Event: 5.019 Thread 0x000001e8ddeafb00 Unloading class 0x000001e8811a9800 'java/lang/invoke/LambdaForm$DMH+0x000001e8811a9800'
Event: 5.019 Thread 0x000001e8ddeafb00 Unloading class 0x000001e8811a8400 'java/lang/invoke/LambdaForm$DMH+0x000001e8811a8400'

Classes redefined (0 events):
No events

Internal exceptions (20 events):
Event: 20.167 Thread 0x000001e8feafb960 Exception <a 'java/lang/NoClassDefFoundError'{0x00000000d5ebc260}: org/slf4j/impl/StaticMarkerBinder> (0x00000000d5ebc260) 
thrown [s\src\hotspot\share\classfile\systemDictionary.cpp, line 301]
Event: 20.217 Thread 0x000001e8feafb960 Exception <a 'java/lang/NoSuchMethodError'{0x00000000d62e5a00}: 'java.lang.Object java.lang.invoke.DirectMethodHandle$Holder.invokeVirtual(java.lang.Object, java.lang.Object, java.lang.Object, java.lang.Object, java.lang.Object, java.lang.Object, java.lang.Object, java.lang.Object)'> (0x00000000d62e5a00) 
thrown [s\src\hotspot\share\interpreter\linkResolver.cpp, line 773]
Event: 20.223 Thread 0x000001e8feafb960 Exception <a 'java/lang/NoSuchMethodError'{0x00000000d637a4a8}: 'java.lang.Object java.lang.invoke.DirectMethodHandle$Holder.invokeVirtual(java.lang.Object, java.lang.Object, java.lang.Object, java.lang.Object, java.lang.Object, java.lang.Object, java.lang.Object, java.lang.Object, java.lang.Object)'> (0x00000000d637a4a8) 
thrown [s\src\hotspot\share\interpreter\linkResolver.cpp, line 773]
Event: 20.260 Thread 0x000001e8feafb960 Exception <a 'java/lang/NoSuchMethodError'{0x00000000d57bbec0}: 'long java.lang.invoke.DirectMethodHandle$Holder.invokeVirtual(java.lang.Object, java.lang.Object)'> (0x00000000d57bbec0) 
thrown [s\src\hotspot\share\interpreter\linkResolver.cpp, line 773]
Event: 20.261 Thread 0x000001e8feafb960 Exception <a 'java/lang/NoSuchMethodError'{0x00000000d57bf2c0}: 'long java.lang.invoke.DelegatingMethodHandle$Holder.reinvoke_L(java.lang.Object, java.lang.Object)'> (0x00000000d57bf2c0) 
thrown [s\src\hotspot\share\interpreter\linkResolver.cpp, line 773]
Event: 20.399 Thread 0x000001e8feafb960 Exception <a 'java/lang/NoSuchMethodError'{0x00000000d5d41f70}: static Lorg/gradle/tooling/internal/provider/serialization/ClassLoaderDetails;.<clinit>()V> (0x00000000d5d41f70) 
thrown [s\src\hotspot\share\prims\jni.cpp, line 1111]
Event: 20.401 Thread 0x000001e8feafb960 Exception <a 'java/lang/NoSuchMethodError'{0x00000000d5d66160}: static Lorg/gradle/tooling/internal/provider/serialization/WellKnownClassLoaderRegistry$KnownClassLoaderSpec;.<clinit>()V> (0x00000000d5d66160) 
thrown [s\src\hotspot\share\prims\jni.cpp, line 1111]
Event: 20.401 Thread 0x000001e8feafb960 Exception <a 'java/lang/NoSuchMethodError'{0x00000000d5d67a08}: static Lorg/gradle/internal/classloader/ClassLoaderSpec;.<clinit>()V> (0x00000000d5d67a08) 
thrown [s\src\hotspot\share\prims\jni.cpp, line 1111]
Event: 20.402 Thread 0x000001e8feafb960 Exception <a 'java/lang/NoSuchMethodError'{0x00000000d5d84750}: static Lorg/gradle/tooling/internal/provider/serialization/ClientOwnedClassLoaderSpec;.<clinit>()V> (0x00000000d5d84750) 
thrown [s\src\hotspot\share\prims\jni.cpp, line 1111]
Event: 20.404 Thread 0x000001e8feafb960 Exception <a 'java/lang/NoSuchMethodError'{0x00000000d5dc2500}: static [Ljava/lang/Object;.<clinit>()V> (0x00000000d5dc2500) 
thrown [s\src\hotspot\share\prims\jni.cpp, line 1111]
Event: 21.076 Thread 0x000001e8feafb960 Exception <a 'java/lang/NoSuchMethodError'{0x00000000d5e84cd0}: static Lorg/gradle/internal/build/event/types/AbstractProgressEvent;.<clinit>()V> (0x00000000d5e84cd0) 
thrown [s\src\hotspot\share\prims\jni.cpp, line 1111]
Event: 21.077 Thread 0x000001e8feafb960 Exception <a 'java/lang/NoSuchMethodError'{0x00000000d5e92998}: static Lorg/gradle/internal/build/event/types/DefaultOperationStartedProgressEvent;.<clinit>()V> (0x00000000d5e92998) 
thrown [s\src\hotspot\share\prims\jni.cpp, line 1111]
Event: 21.078 Thread 0x000001e8feafb960 Exception <a 'java/lang/NoSuchMethodError'{0x00000000d5ebcd38}: static Lorg/gradle/internal/build/event/types/DefaultOperationDescriptor;.<clinit>()V> (0x00000000d5ebcd38) 
thrown [s\src\hotspot\share\prims\jni.cpp, line 1111]
Event: 21.079 Thread 0x000001e8feafb960 Exception <a 'java/lang/NoSuchMethodError'{0x00000000d5ecb5a8}: static Lorg/gradle/internal/operations/OperationIdentifier;.<clinit>()V> (0x00000000d5ecb5a8) 
thrown [s\src\hotspot\share\prims\jni.cpp, line 1111]
Event: 21.404 Thread 0x000001e8feafb960 Exception <a 'java/lang/NoSuchMethodError'{0x00000000d5f14058}: static Lorg/gradle/internal/build/event/types/DefaultOperationFinishedProgressEvent;.<clinit>()V> (0x00000000d5f14058) 
thrown [s\src\hotspot\share\prims\jni.cpp, line 1111]
Event: 21.405 Thread 0x000001e8feafb960 Exception <a 'java/lang/NoSuchMethodError'{0x00000000d5f2a8f8}: static Lorg/gradle/internal/build/event/types/AbstractResult;.<clinit>()V> (0x00000000d5f2a8f8) 
thrown [s\src\hotspot\share\prims\jni.cpp, line 1111]
Event: 21.406 Thread 0x000001e8feafb960 Exception <a 'java/lang/NoSuchMethodError'{0x00000000d5f38360}: static Lorg/gradle/internal/build/event/types/AbstractOperationResult;.<clinit>()V> (0x00000000d5f38360) 
thrown [s\src\hotspot\share\prims\jni.cpp, line 1111]
Event: 21.406 Thread 0x000001e8feafb960 Exception <a 'java/lang/NoSuchMethodError'{0x00000000d5f46390}: static Lorg/gradle/internal/build/event/types/DefaultSuccessResult;.<clinit>()V> (0x00000000d5f46390) 
thrown [s\src\hotspot\share\prims\jni.cpp, line 1111]
Event: 23.593 Thread 0x000001e8feafb960 Exception <a 'java/lang/NoSuchMethodError'{0x00000000d5fdd550}: static Lorg/gradle/internal/build/event/types/DefaultBuildPhaseDescriptor;.<clinit>()V> (0x00000000d5fdd550) 
thrown [s\src\hotspot\share\prims\jni.cpp, line 1111]
Event: 23.668 Thread 0x000001e8feafb960 Exception <a 'java/lang/NoSuchMethodError'{0x00000000d606f018}: static Lorg/gradle/internal/build/event/types/DefaultProjectConfigurationDescriptor;.<clinit>()V> (0x00000000d606f018) 
thrown [s\src\hotspot\share\prims\jni.cpp, line 1111]

ZGC Phase Switch (0 events):
No events

VM Operations (20 events):
Event: 19.732 Executing VM operation: ParallelGCFailedAllocation (Allocation Failure)
Event: 19.733 Executing VM operation: ParallelGCFailedAllocation (Allocation Failure) done
Event: 19.822 Executing VM operation: ParallelGCFailedAllocation (Allocation Failure)
Event: 19.824 Executing VM operation: ParallelGCFailedAllocation (Allocation Failure) done
Event: 19.914 Executing VM operation: ParallelGCFailedAllocation (Allocation Failure)
Event: 19.915 Executing VM operation: ParallelGCFailedAllocation (Allocation Failure) done
Event: 19.991 Executing VM operation: ParallelGCFailedAllocation (Allocation Failure)
Event: 19.992 Executing VM operation: ParallelGCFailedAllocation (Allocation Failure) done
Event: 20.065 Executing VM operation: ParallelGCFailedAllocation (Allocation Failure)
Event: 20.066 Executing VM operation: ParallelGCFailedAllocation (Allocation Failure) done
Event: 20.241 Executing VM operation: ParallelGCFailedAllocation (Allocation Failure)
Event: 20.242 Executing VM operation: ParallelGCFailedAllocation (Allocation Failure) done
Event: 21.242 Executing VM operation: Cleanup
Event: 21.242 Executing VM operation: Cleanup done
Event: 22.243 Executing VM operation: Cleanup
Event: 22.243 Executing VM operation: Cleanup done
Event: 24.244 Executing VM operation: Cleanup
Event: 24.244 Executing VM operation: Cleanup done
Event: 24.288 Executing VM operation: ParallelGCFailedAllocation (Allocation Failure)
Event: 24.290 Executing VM operation: ParallelGCFailedAllocation (Allocation Failure) done

Memory protections (0 events):
No events

Nmethod flushes (20 events):
Event: 18.398 Thread 0x000001e8ddeafb00 flushing  nmethod 0x000001e8e185e490
Event: 18.398 Thread 0x000001e8ddeafb00 flushing  nmethod 0x000001e8e185e890
Event: 18.398 Thread 0x000001e8ddeafb00 flushing  nmethod 0x000001e8e185ec10
Event: 18.398 Thread 0x000001e8ddeafb00 flushing  nmethod 0x000001e8e1861190
Event: 18.398 Thread 0x000001e8ddeafb00 flushing  nmethod 0x000001e8e1868990
Event: 18.398 Thread 0x000001e8ddeafb00 flushing  nmethod 0x000001e8e186a210
Event: 18.398 Thread 0x000001e8ddeafb00 flushing  nmethod 0x000001e8e1870710
Event: 18.398 Thread 0x000001e8ddeafb00 flushing  nmethod 0x000001e8e1873510
Event: 18.398 Thread 0x000001e8ddeafb00 flushing  nmethod 0x000001e8e1873b10
Event: 18.398 Thread 0x000001e8ddeafb00 flushing  nmethod 0x000001e8e187d310
Event: 18.398 Thread 0x000001e8ddeafb00 flushing  nmethod 0x000001e8e18a9810
Event: 18.398 Thread 0x000001e8ddeafb00 flushing  nmethod 0x000001e8e18a9d10
Event: 18.398 Thread 0x000001e8ddeafb00 flushing  nmethod 0x000001e8e18aa110
Event: 18.398 Thread 0x000001e8ddeafb00 flushing  nmethod 0x000001e8e18aa790
Event: 18.398 Thread 0x000001e8ddeafb00 flushing  nmethod 0x000001e8e18aab10
Event: 18.398 Thread 0x000001e8ddeafb00 flushing  nmethod 0x000001e8e18ab810
Event: 18.398 Thread 0x000001e8ddeafb00 flushing  nmethod 0x000001e8e18abb90
Event: 18.398 Thread 0x000001e8ddeafb00 flushing  nmethod 0x000001e8e18acf90
Event: 18.398 Thread 0x000001e8ddeafb00 flushing  nmethod 0x000001e8e18c3690
Event: 18.398 Thread 0x000001e8ddeafb00 flushing  nmethod 0x000001e8e18cd090

Events (20 events):
Event: 11.560 Thread 0x000001e8ddecb0c0 Thread added: 0x000001e8ff138c70
Event: 11.744 Thread 0x000001e8ff138c70 Thread exited: 0x000001e8ff138c70
Event: 16.388 Thread 0x000001e8f5b2df90 Thread added: 0x000001e8ff139a10
Event: 16.575 Thread 0x000001e8ff139a10 Thread exited: 0x000001e8ff139a10
Event: 17.427 Thread 0x000001e8fcefd2f0 Thread exited: 0x000001e8fcefd2f0
Event: 17.527 Thread 0x000001e8ddecb0c0 Thread added: 0x000001e8ff139a10
Event: 17.554 Thread 0x000001e8f5b2df90 Thread added: 0x000001e8ff13a0e0
Event: 17.857 Thread 0x000001e8feaf56f0 Thread exited: 0x000001e8feaf56f0
Event: 17.879 Thread 0x000001e8fcefcc60 Thread added: 0x000001e8feaf8b70
Event: 17.882 Thread 0x000001e8fcefcc60 Thread added: 0x000001e8feaf5d80
Event: 17.909 Thread 0x000001e8feaf5d80 Thread exited: 0x000001e8feaf5d80
Event: 17.915 Thread 0x000001e8fcefcc60 Thread added: 0x000001e8feaf9890
Event: 18.193 Thread 0x000001e8fcefcc60 Thread added: 0x000001e8feaf84e0
Event: 18.199 Thread 0x000001e8fcefcc60 Thread added: 0x000001e8feafb2d0
Event: 18.227 Thread 0x000001e8feafb2d0 Thread exited: 0x000001e8feafb2d0
Event: 18.228 Thread 0x000001e8fcefcc60 Thread added: 0x000001e8feaf9f20
Event: 18.232 Thread 0x000001e8fcefcc60 Thread added: 0x000001e8feafb960
Event: 20.273 Thread 0x000001e8feafb960 Thread added: 0x000001e8feafb2d0
Event: 20.384 Thread 0x000001e8ff13a0e0 Thread exited: 0x000001e8ff13a0e0
Event: 21.074 Thread 0x000001e8ff139a10 Thread exited: 0x000001e8ff139a10


Dynamic libraries:
0x00007ff75f750000 - 0x00007ff75f75e000 	c:\Users\LENOVO\.vscode\extensions\redhat.java-1.46.0-win32-x64\jre\21.0.8-win32-x86_64\bin\java.exe
0x00007ffedd050000 - 0x00007ffedd267000 	C:\WINDOWS\SYSTEM32\ntdll.dll
0x00007ffedbc60000 - 0x00007ffedbd24000 	C:\WINDOWS\System32\KERNEL32.DLL
0x00007ffeda3a0000 - 0x00007ffeda770000 	C:\WINDOWS\System32\KERNELBASE.dll
0x00007ffeda200000 - 0x00007ffeda311000 	C:\WINDOWS\System32\ucrtbase.dll
0x00007ffed2f20000 - 0x00007ffed2f38000 	c:\Users\LENOVO\.vscode\extensions\redhat.java-1.46.0-win32-x64\jre\21.0.8-win32-x86_64\bin\jli.dll
0x00007ffedc2e0000 - 0x00007ffedc491000 	C:\WINDOWS\System32\USER32.dll
0x00007ffeda150000 - 0x00007ffeda176000 	C:\WINDOWS\System32\win32u.dll
0x00007ffedcfe0000 - 0x00007ffedd009000 	C:\WINDOWS\System32\GDI32.dll
0x00007ffeda860000 - 0x00007ffeda983000 	C:\WINDOWS\System32\gdi32full.dll
0x00007ffedac40000 - 0x00007ffedacda000 	C:\WINDOWS\System32\msvcp_win.dll
0x00007ffea8550000 - 0x00007ffea856e000 	c:\Users\LENOVO\.vscode\extensions\redhat.java-1.46.0-win32-x64\jre\21.0.8-win32-x86_64\bin\VCRUNTIME140.dll
0x00007ffec4010000 - 0x00007ffec42ac000 	C:\WINDOWS\WinSxS\amd64_microsoft.windows.common-controls_6595b64144ccf1df_6.0.22621.5840_none_2710ea077384a4fe\COMCTL32.dll
0x00007ffedc4a0000 - 0x00007ffedc547000 	C:\WINDOWS\System32\msvcrt.dll
0x00007ffedb750000 - 0x00007ffedb781000 	C:\WINDOWS\System32\IMM32.DLL
0x00007ffec4b80000 - 0x00007ffec4b8c000 	c:\Users\LENOVO\.vscode\extensions\redhat.java-1.46.0-win32-x64\jre\21.0.8-win32-x86_64\bin\vcruntime140_1.dll
0x00007ffe771b0000 - 0x00007ffe7723d000 	c:\Users\LENOVO\.vscode\extensions\redhat.java-1.46.0-win32-x64\jre\21.0.8-win32-x86_64\bin\msvcp140.dll
0x00007ffe206c0000 - 0x00007ffe21457000 	c:\Users\LENOVO\.vscode\extensions\redhat.java-1.46.0-win32-x64\jre\21.0.8-win32-x86_64\bin\server\jvm.dll
0x00007ffedcf00000 - 0x00007ffedcfb1000 	C:\WINDOWS\System32\ADVAPI32.dll
0x00007ffedbdb0000 - 0x00007ffedbe58000 	C:\WINDOWS\System32\sechost.dll
0x00007ffeda830000 - 0x00007ffeda858000 	C:\WINDOWS\System32\bcrypt.dll
0x00007ffedc140000 - 0x00007ffedc258000 	C:\WINDOWS\System32\RPCRT4.dll
0x00007ffedc260000 - 0x00007ffedc2d1000 	C:\WINDOWS\System32\WS2_32.dll
0x00007ffeda030000 - 0x00007ffeda07d000 	C:\WINDOWS\SYSTEM32\POWRPROF.dll
0x00007ffed2e00000 - 0x00007ffed2e34000 	C:\WINDOWS\SYSTEM32\WINMM.dll
0x00007ffed2790000 - 0x00007ffed279a000 	C:\WINDOWS\SYSTEM32\VERSION.dll
0x00007ffeda000000 - 0x00007ffeda013000 	C:\WINDOWS\SYSTEM32\UMPDC.dll
0x00007ffed90c0000 - 0x00007ffed90d8000 	C:\WINDOWS\SYSTEM32\kernel.appcore.dll
0x00007ffec3770000 - 0x00007ffec377a000 	c:\Users\LENOVO\.vscode\extensions\redhat.java-1.46.0-win32-x64\jre\21.0.8-win32-x86_64\bin\jimage.dll
0x00007ffed7c50000 - 0x00007ffed7e83000 	C:\WINDOWS\SYSTEM32\DBGHELP.DLL
0x00007ffedace0000 - 0x00007ffedb071000 	C:\WINDOWS\System32\combase.dll
0x00007ffedb9a0000 - 0x00007ffedba78000 	C:\WINDOWS\System32\OLEAUT32.dll
0x00007ffeb94f0000 - 0x00007ffeb9522000 	C:\WINDOWS\SYSTEM32\dbgcore.DLL
0x00007ffeda320000 - 0x00007ffeda39b000 	C:\WINDOWS\System32\bcryptPrimitives.dll
0x00007ffed5cc0000 - 0x00007ffed5ccf000 	c:\Users\LENOVO\.vscode\extensions\redhat.java-1.46.0-win32-x64\jre\21.0.8-win32-x86_64\bin\instrument.dll
0x00007ffea7a60000 - 0x00007ffea7a7f000 	c:\Users\LENOVO\.vscode\extensions\redhat.java-1.46.0-win32-x64\jre\21.0.8-win32-x86_64\bin\java.dll
0x00007ffedc550000 - 0x00007ffedcdf1000 	C:\WINDOWS\System32\SHELL32.dll
0x00007ffedab00000 - 0x00007ffedac3f000 	C:\WINDOWS\System32\wintypes.dll
0x00007ffed8020000 - 0x00007ffed893a000 	C:\WINDOWS\SYSTEM32\windows.storage.dll
0x00007ffedbe60000 - 0x00007ffedbf6a000 	C:\WINDOWS\System32\SHCORE.dll
0x00007ffedce00000 - 0x00007ffedce69000 	C:\WINDOWS\System32\shlwapi.dll
0x00007ffeda080000 - 0x00007ffeda0a5000 	C:\WINDOWS\SYSTEM32\profapi.dll
0x00007ffea7a40000 - 0x00007ffea7a58000 	c:\Users\LENOVO\.vscode\extensions\redhat.java-1.46.0-win32-x64\jre\21.0.8-win32-x86_64\bin\zip.dll
0x00007ffeb99b0000 - 0x00007ffeb99c0000 	C:\Users\LENOVO\.vscode\extensions\redhat.java-1.46.0-win32-x64\jre\21.0.8-win32-x86_64\bin\net.dll
0x00007ffed2bf0000 - 0x00007ffed2d1c000 	C:\WINDOWS\SYSTEM32\WINHTTP.dll
0x00007ffed9600000 - 0x00007ffed9669000 	C:\WINDOWS\system32\mswsock.dll
0x00007ffea7a20000 - 0x00007ffea7a36000 	C:\Users\LENOVO\.vscode\extensions\redhat.java-1.46.0-win32-x64\jre\21.0.8-win32-x86_64\bin\nio.dll
0x00007ffec7d10000 - 0x00007ffec7d20000 	c:\Users\LENOVO\.vscode\extensions\redhat.java-1.46.0-win32-x64\jre\21.0.8-win32-x86_64\bin\verify.dll
0x00007ffe77080000 - 0x00007ffe770c4000 	C:\Users\LENOVO\AppData\Roaming\Code\User\globalStorage\redhat.java\1.46.0\config_win\org.eclipse.equinox.launcher\org.eclipse.equinox.launcher.win32.win32.x86_64_1.2.1400.v20250801-0854\eclipse_11916.dll
0x00007ffedb7f0000 - 0x00007ffedb990000 	C:\WINDOWS\System32\ole32.dll
0x00007ffeb0440000 - 0x00007ffeb044a000 	C:\Users\LENOVO\.vscode\extensions\redhat.java-1.46.0-win32-x64\jre\21.0.8-win32-x86_64\bin\management.dll
0x00007ffeae820000 - 0x00007ffeae82b000 	C:\Users\LENOVO\.vscode\extensions\redhat.java-1.46.0-win32-x64\jre\21.0.8-win32-x86_64\bin\management_ext.dll
0x00007ffedb990000 - 0x00007ffedb998000 	C:\WINDOWS\System32\PSAPI.DLL
0x00007ffed9860000 - 0x00007ffed987b000 	C:\WINDOWS\SYSTEM32\CRYPTSP.dll
0x00007ffed9080000 - 0x00007ffed90b7000 	C:\WINDOWS\system32\rsaenh.dll
0x00007ffed96f0000 - 0x00007ffed9718000 	C:\WINDOWS\SYSTEM32\USERENV.dll
0x00007ffed9850000 - 0x00007ffed985c000 	C:\WINDOWS\SYSTEM32\CRYPTBASE.dll
0x00007ffed8ba0000 - 0x00007ffed8bcd000 	C:\WINDOWS\SYSTEM32\IPHLPAPI.DLL
0x00007ffedbd30000 - 0x00007ffedbd39000 	C:\WINDOWS\System32\NSI.dll
0x00007ffe5be50000 - 0x00007ffe5be99000 	C:\Users\LENOVO\AppData\Local\Temp\jna--2053026509\jna13632543984825780119.dll
0x00007ffed2a40000 - 0x00007ffed2a59000 	C:\WINDOWS\SYSTEM32\dhcpcsvc6.DLL
0x00007ffed2a20000 - 0x00007ffed2a3f000 	C:\WINDOWS\SYSTEM32\dhcpcsvc.DLL
0x00007ffeb1430000 - 0x00007ffeb143e000 	C:\Users\LENOVO\.vscode\extensions\redhat.java-1.46.0-win32-x64\jre\21.0.8-win32-x86_64\bin\sunmscapi.dll
0x00007ffeda990000 - 0x00007ffedaaf8000 	C:\WINDOWS\System32\CRYPT32.dll
0x00007ffed9a10000 - 0x00007ffed9a3d000 	C:\WINDOWS\SYSTEM32\ncrypt.dll
0x00007ffed99d0000 - 0x00007ffed9a07000 	C:\WINDOWS\SYSTEM32\NTASN1.dll
0x00007ffed8c10000 - 0x00007ffed8d08000 	C:\WINDOWS\SYSTEM32\DNSAPI.dll
0x00007ffed1660000 - 0x00007ffed166a000 	C:\Windows\System32\rasadhlp.dll
0x00007ffed1550000 - 0x00007ffed15d4000 	C:\WINDOWS\System32\fwpuclnt.dll
0x00007ffeb0480000 - 0x00007ffeb0489000 	C:\Users\LENOVO\.vscode\extensions\redhat.java-1.46.0-win32-x64\jre\21.0.8-win32-x86_64\bin\extnet.dll
0x00007ffeb0450000 - 0x00007ffeb0477000 	C:\Users\LENOVO\.gradle\native\1def1411415f61bf3af743bc5b6707747c0891f09f0c88961ee8f79bc544acac\windows-amd64\native-platform.dll
0x00007ffe7d890000 - 0x00007ffe7d898000 	C:\WINDOWS\system32\wshunix.dll

JVMTI agents:
c:\Users\LENOVO\.vscode\extensions\redhat.java-1.46.0-win32-x64\lombok\lombok-1.18.39-4050.jar path:c:\Users\LENOVO\.vscode\extensions\redhat.java-1.46.0-win32-x64\jre\21.0.8-win32-x86_64\bin\instrument.dll, loaded, initialized, instrumentlib options:none

dbghelp: loaded successfully - version: 4.0.5 - missing functions: none
symbol engine: initialized successfully - sym options: 0x614 - pdb path: .;c:\Users\LENOVO\.vscode\extensions\redhat.java-1.46.0-win32-x64\jre\21.0.8-win32-x86_64\bin;C:\WINDOWS\SYSTEM32;C:\WINDOWS\WinSxS\amd64_microsoft.windows.common-controls_6595b64144ccf1df_6.0.22621.5840_none_2710ea077384a4fe;c:\Users\LENOVO\.vscode\extensions\redhat.java-1.46.0-win32-x64\jre\21.0.8-win32-x86_64\bin\server;C:\Users\LENOVO\AppData\Roaming\Code\User\globalStorage\redhat.java\1.46.0\config_win\org.eclipse.equinox.launcher\org.eclipse.equinox.launcher.win32.win32.x86_64_1.2.1400.v20250801-0854;C:\Users\LENOVO\AppData\Local\Temp\jna--2053026509;C:\Users\LENOVO\.gradle\native\1def1411415f61bf3af743bc5b6707747c0891f09f0c88961ee8f79bc544acac\windows-amd64

VM Arguments:
jvm_args: --add-modules=ALL-SYSTEM --add-opens=java.base/java.util=ALL-UNNAMED --add-opens=java.base/java.lang=ALL-UNNAMED --add-opens=java.base/sun.nio.fs=ALL-UNNAMED -Declipse.application=org.eclipse.jdt.ls.core.id1 -Dosgi.bundles.defaultStartLevel=4 -Declipse.product=org.eclipse.jdt.ls.core.product -Djava.import.generatesMetadataFilesAtProjectRoot=false -DDetectVMInstallationsJob.disabled=true -Dfile.encoding=utf8 -XX:+UseParallelGC -XX:GCTimeRatio=4 -XX:AdaptiveSizePolicyWeight=90 -Dsun.zip.disableMemoryMapping=true -Xmx2G -Xms100m -Xlog:disable -javaagent:c:\Users\LENOVO\.vscode\extensions\redhat.java-1.46.0-win32-x64\lombok\lombok-1.18.39-4050.jar -XX:+HeapDumpOnOutOfMemoryError -XX:HeapDumpPath=c:\Users\LENOVO\AppData\Roaming\Code\User\workspaceStorage\1f38b11eb3f2d8f68eb5f28ecf78de0d\redhat.java -Daether.dependencyCollector.impl=bf 
java_command: c:\Users\LENOVO\.vscode\extensions\redhat.java-1.46.0-win32-x64\server\plugins\org.eclipse.equinox.launcher_1.7.0.v20250519-0528.jar -configuration c:\Users\LENOVO\AppData\Roaming\Code\User\globalStorage\redhat.java\1.46.0\config_win -data c:\Users\LENOVO\AppData\Roaming\Code\User\workspaceStorage\1f38b11eb3f2d8f68eb5f28ecf78de0d\redhat.java\jdt_ws --pipe=\\.\pipe\lsp-b95260626cebe2579109f19e2b1d160e-sock
java_class_path (initial): c:\Users\LENOVO\.vscode\extensions\redhat.java-1.46.0-win32-x64\server\plugins\org.eclipse.equinox.launcher_1.7.0.v20250519-0528.jar
Launcher Type: SUN_STANDARD

[Global flags]
    uintx AdaptiveSizePolicyWeight                 = 90                                        {product} {command line}
     intx CICompilerCount                          = 4                                         {product} {ergonomic}
    uintx GCTimeRatio                              = 4                                         {product} {command line}
     bool HeapDumpOnOutOfMemoryError               = true                                   {manageable} {command line}
    ccstr HeapDumpPath                             = c:\Users\LENOVO\AppData\Roaming\Code\User\workspaceStorage\1f38b11eb3f2d8f68eb5f28ecf78de0d\redhat.java         {manageable} {command line}
   size_t InitialHeapSize                          = 104857600                                 {product} {command line}
   size_t MaxHeapSize                              = 2147483648                                {product} {command line}
   size_t MaxNewSize                               = 715653120                                 {product} {ergonomic}
   size_t MinHeapDeltaBytes                        = 524288                                    {product} {ergonomic}
   size_t MinHeapSize                              = 104857600                                 {product} {command line}
   size_t NewSize                                  = 34603008                                  {product} {ergonomic}
    uintx NonNMethodCodeHeapSize                   = 5839372                                {pd product} {ergonomic}
    uintx NonProfiledCodeHeapSize                  = 122909434                              {pd product} {ergonomic}
   size_t OldSize                                  = 70254592                                  {product} {ergonomic}
    uintx ProfiledCodeHeapSize                     = 122909434                              {pd product} {ergonomic}
    uintx ReservedCodeCacheSize                    = 251658240                              {pd product} {ergonomic}
     bool SegmentedCodeCache                       = true                                      {product} {ergonomic}
   size_t SoftMaxHeapSize                          = 2147483648                             {manageable} {ergonomic}
     bool UseCompressedOops                        = true                           {product lp64_product} {ergonomic}
     bool UseLargePagesIndividualAllocation        = false                                  {pd product} {ergonomic}
     bool UseParallelGC                            = true                                      {product} {command line}

Logging:
Log output configuration:
 #0: stdout all=off uptime,level,tags foldmultilines=false
 #1: stderr all=off uptime,level,tags foldmultilines=false

Environment Variables:
PATH=C:\Program Files (x86)\VMware\VMware Workstation\bin\;C:\Program Files\Common Files\Oracle\Java\javapath;C:\Windows\system32;C:\Windows;C:\Windows\System32\Wbem;C:\Windows\System32\WindowsPowerShell\v1.0\;C:\Windows\System32\OpenSSH\;C:\Program Files (x86)\NVIDIA Corporation\PhysX\Common;C:\Program Files\NVIDIA Corporation\NVIDIA NvDLISR;C:\Program Files\Java\jdk-20\bin;C:\Program Files\Git\cmd;C:\WINDOWS\system32;C:\WINDOWS;C:\WINDOWS\System32\Wbem;C:\WINDOWS\System32\WindowsPowerShell\v1.0\;C:\WINDOWS\System32\OpenSSH\;C:\ProgramFiles(x86)\Microsoft SQL Server\160\Tools\Binn\;C:\ProgramFiles\Microsoft SQL Server\160\Tools\Binn\;C:\ProgramFiles\Microsoft SQL Server\Client SDK\ODBC\170\Tools\Binn\;C:\ProgramFiles\Microsoft SQL Server\160\DTS\Binn\;C:\ProgramFiles(x86)\Microsoft SQL Server\160\DTS\Binn\;D:\laragon\bin\php\php-8.3.16-Win32-vs16-x64;C:\Users\LENOVO\AppData\Roaming\Composer\vendor\bin;C:\Program Files\nodejs\;C:\Program Files (x86)\Windows Kits\10\Windows Performance Toolkit\;C:\Users\LENOVO\AppData\Local\Programs\Python\Launcher\;C:\Users\LENOVO\.config\herd-lite\bin;C:\Users\LENOVO\AppData\Local\Yarn\config\global\node_modules\.bin;C:\Users\LENOVO\AppData\Roaming\npm;D:\laragon\bin;D:\laragon\bin\apache\httpd-2.4.54-win64-VS16\bin;D:\laragon\bin\composer;D:\laragon\bin\git\bin;D:\laragon\bin\git\cmd;D:\laragon\bin\git\mingw64\bin;D:\laragon\bin\git\usr\bin;D:\laragon\bin\laragon\utils;D:\laragon\bin\mysql\mysql-8.0.30-winx64\bin;D:\laragon\bin\nginx\nginx-1.22.0;D:\laragon\bin\ngrok;D:\laragon\bin\nodejs\node-v18;D:\laragon\bin\notepad++;D:\laragon\bin\python\python-3.10;D:\laragon\bin\python\python-3.10\Scripts;D:\laragon\bin\redis\redis-x64-5.0.14.1;D:\laragon\bin\telnet;D:\laragon\usr\bin;C:\Users\LENOVO\AppData\Local\Microsoft\WindowsApps;C:\Users\LENOVO\AppData\Local\Programs\Microsoft VS Code\bin;C:\Program Files\JetBrains\PhpStorm 2024.3.3\bin;D:\laragon\bin\php\php-8.3.16-Win32-vs16-x64;C:\Users\LENOVO\AppData\Roaming\Composer\vendor\bin;D:\anaconda;D:\anaconda\condabin;D:\anaconda\Scripts;D:\anaconda\Library\bin;D:\flutter\bin;
USERNAME=LENOVO
OS=Windows_NT
PROCESSOR_IDENTIFIER=AMD64 Family 25 Model 80 Stepping 0, AuthenticAMD
TMP=C:\Users\LENOVO\AppData\Local\Temp
TEMP=C:\Users\LENOVO\AppData\Local\Temp




Periodic native trim disabled

---------------  S Y S T E M  ---------------

OS:
 Windows 11 , 64 bit Build 22621 (10.0.22621.5415)
OS uptime: 9 days 14:21 hours

CPU: total 12 (initial active 12) (12 cores per cpu, 2 threads per core) family 25 model 80 stepping 0 microcode 0x0, cx8, cmov, fxsr, ht, mmx, 3dnowpref, sse, sse2, sse3, ssse3, sse4a, sse4.1, sse4.2, popcnt, lzcnt, tsc, tscinvbit, avx, avx2, aes, erms, clmul, bmi1, bmi2, adx, sha, fma, vzeroupper, clflush, clflushopt, rdtscp, rdpid, fsrm, f16c, pku, cet_ss
Processor Information for processor 0
  Max Mhz: 3301, Current Mhz: 3301, Mhz Limit: 3301
Processor Information for processor 1
  Max Mhz: 3301, Current Mhz: 2011, Mhz Limit: 3301
Processor Information for processor 2
  Max Mhz: 3301, Current Mhz: 2011, Mhz Limit: 3301
Processor Information for processor 3
  Max Mhz: 3301, Current Mhz: 2011, Mhz Limit: 3301
Processor Information for processor 4
  Max Mhz: 3301, Current Mhz: 3301, Mhz Limit: 3301
Processor Information for processor 5
  Max Mhz: 3301, Current Mhz: 2011, Mhz Limit: 3301
Processor Information for processor 6
  Max Mhz: 3301, Current Mhz: 2011, Mhz Limit: 3301
Processor Information for processor 7
  Max Mhz: 3301, Current Mhz: 2011, Mhz Limit: 3301
Processor Information for processor 8
  Max Mhz: 3301, Current Mhz: 2011, Mhz Limit: 3301
Processor Information for processor 9
  Max Mhz: 3301, Current Mhz: 2011, Mhz Limit: 3301
Processor Information for processor 10
  Max Mhz: 3301, Current Mhz: 3301, Mhz Limit: 3301
Processor Information for processor 11
  Max Mhz: 3301, Current Mhz: 2011, Mhz Limit: 3301

Memory: 4k page, system-wide physical 5996M (158M free)
TotalPageFile size 24428M (AvailPageFile size 0M)
current process WorkingSet (physical memory assigned to process): 247M, peak: 287M
current process commit charge ("private bytes"): 359M, peak: 399M

vm_info: OpenJDK 64-Bit Server VM (21.0.8+9-LTS) for windows-amd64 JRE (21.0.8+9-LTS), built on 2025-07-15T00:00:00Z by "admin" with MS VC++ 17.7 (VS2022)

END.
